// Jest Snapshot v1, https://goo.gl/fbAQLP

exports[`Basic Components Button should match snapshot 1`] = `
.c0 {
  width: 100%;
  height: 100%;
  min-width: 1.25rem;
  min-height: 1.25rem;
  border: 1px solid transparent;
  outline: none;
  display: grid;
  -webkit-align-items: center;
  -webkit-box-align: center;
  -ms-flex-align: center;
  align-items: center;
  padding: 0.3125rem;
  grid-template-columns: 1fr;
  cursor: pointer;
  border-radius: 0.3125rem;
  background-color: #05a8aa;
  border-color: transparent;
  color: #ffffff;
}

.c0:focus {
  outline: none;
}

<div>
  <button
    class="c0"
  >
    Test
  </button>
</div>
`;
