// Jest Snapshot v1, https://goo.gl/fbAQLP

exports[`Header should match snapshot 1`] = `
.c1 {
  height: 70px;
}

.c0 {
  display: grid;
  -webkit-align-items: center;
  -webkit-box-align: center;
  -ms-flex-align: center;
  align-items: center;
  background: #102027;
  color: #ffffff;
  height: 80px;
}

<div>
  <header
    class="c0"
  >
    <img
      class="c1"
      src="/images/logo.gif"
    />
  </header>
</div>
`;
