// Jest Snapshot v1, https://goo.gl/fbAQLP

exports[`SomethingWrong should match snapshot 1`] = `
.c2 {
  width: 100%;
  height: 100%;
  min-width: 1.25rem;
  min-height: 1.25rem;
  border: 1px solid transparent;
  outline: none;
  display: grid;
  -webkit-align-items: center;
  -webkit-box-align: center;
  -ms-flex-align: center;
  align-items: center;
  padding: 0.3125rem;
  grid-template-columns: 1fr;
  cursor: pointer;
  border-radius: 0.3125rem;
  background-color: #05a8aa;
  border-color: transparent;
  color: #ffffff;
}

.c2:focus {
  outline: none;
}

.c0 {
  font-weight: 800;
  color: #000;
  text-align: center;
  font-size: 2.5em;
  padding-top: 20px;
}

.c1 {
  height: 40px;
  width: 50%;
  margin: 0 auto 20px;
}

@media screen and (max-width:400px) {
  .c0 {
    padding-left: 20px;
    padding-right: 20px;
    font-size: 2em;
  }
}

<div>
  <h1
    class="c0"
  >
    SOMETHING_WRONG
  </h1>
  <div
    class="c1"
  >
    <button
      class="c2"
    >
      GO_BACK
    </button>
  </div>
</div>
`;
